// Jest Snapshot v1, https://goo.gl/fbAQLP

exports[`createErrorBody createErrorBody() returns error object 1`] = `
Object {
  "error": Object {
    "message": "Bad Request",
    "reason": "Who knows",
    "status": 400,
  },
}
`;
